// Vitest Snapshot v1, https://vitest.dev/guide/snapshot.html

exports[`<GridCell /> > should render grid cell 1`] = `
<div class="v-card v-theme--light v-card--density-default v-card--variant-elevated grid-cell failure" id="1234" style="height: 90px;">
  <!---->
  <div class="v-card__loader">
    <div aria-hidden="true" aria-valuemax="100" aria-valuemin="0" class="v-progress-linear v-theme--light v-locale--is-ltr" role="progressbar" style="top: 0px; height: 0px; --v-progress-linear-height: 2px; left: 50%; transform: translateX(-50%);">
      <!---->
      <div class="v-progress-linear__background" style="width: 100%;"></div>
      <transition-stub appear="false" css="true" name="fade-transition" persisted="false">
        <div class="v-progress-linear__indeterminate">
          <div class="v-progress-linear__indeterminate long"></div>
          <div class="v-progress-linear__indeterminate short"></div>
        </div>
      </transition-stub>
      <!---->
    </div>
  </div>
  <!---->
  <!---->
  <div class="v-card-text grid-cell-name pa-0 ma-0">
    <a aria-describedby="v-tooltip-0" href="https://test.com" id="1234_url" target="_blank">test name</a>
    <!--teleport start-->
    <!--teleport end-->
  </div>
  <!---->
  <!---->
  <span class="v-card__underlay"></span>
</div>
`;
